// Jest Snapshot v1, https://goo.gl/fbAQLP

exports[`Password.test.js renders correctly (snapshots matching) 1`] = `
<div>
  <v-text-field-stub
    appendicon="lock"
    id="password"
    label="Password"
    rules="function required(value) {
          return !!value || 'Password is required.';
        }"
    type="password"
    value=""
  />
   
  <!---->
</div>
`;
