// Jest Snapshot v1, https://goo.gl/fbAQLP

exports[`Permissions.test.js renders correctly (snapshots matching) 1`] = `
<v-dialog-stub
  accept="function accept() {}"
  contentclass=""
  maxwidth="none"
  origin="center center"
  persistent="true"
  refuse="function refuse() {}"
  transition="dialog-transition"
  value="true"
  width="600"
>
  <v-card-stub
    tag="div"
  >
    <v-card-title-stub
      class="headline grey lighten-2"
      id="appIdText"
    >
      <span>
        App 
        <b>
          testApp
        </b>
         is requesting : 
      </span>
    </v-card-title-stub>
     
    <v-card-text-stub>
      <ul>
        <li>
          
          A permission on stream 
          <b>
            Diary
          </b>
           with level 
          <b>
            READ
          </b>
        </li>
        <li>
          
          A permission on stream 
          <b>
            Work
          </b>
           with level 
          <b>
            MANAGE
          </b>
        </li>
      </ul>
    </v-card-text-stub>
     
    <v-card-text-stub />
     
    <v-divider-stub />
     
    <v-card-actions-stub>
      <v-spacer-stub />
       
      <v-btn-stub
        activeclass="v-btn--active"
        id="refusePermissions"
        tag="button"
        type="button"
      >
        Reject
      </v-btn-stub>
       
      <v-btn-stub
        activeclass="v-btn--active"
        id="acceptPermissions"
        tag="button"
        type="button"
      >
        Accept
      </v-btn-stub>
    </v-card-actions-stub>
  </v-card-stub>
</v-dialog-stub>
`;
