// Jest Snapshot v1, https://goo.gl/fbAQLP

exports[`Authorization.test.js renders correctly (snapshots matching) 1`] = `
<div>
  <h1>
    Sign in
  </h1>
   
  <!---->
   
  <v-dialog-stub
    contentclass=""
    maxwidth="none"
    origin="center center"
    persistent="true"
    transition="dialog-transition"
    width="600"
  >
    <v-card-stub
      tag="div"
    >
      <v-card-title-stub
        class="headline grey lighten-2"
      >
        MFA verification
      </v-card-title-stub>
       
      <v-text-field-stub
        class="ma-3"
        id="mfaCode"
        label="MFA code"
        rules="function required(value) {
          return !!value || 'This field is required.';
        }"
        value=""
      />
       
      <v-card-actions-stub>
        <v-spacer-stub />
         
        <v-btn-stub
          activeclass="v-btn--active"
          tag="button"
          type="button"
        >
          Cancel
        </v-btn-stub>
         
        <v-btn-stub
          activeclass="v-btn--active"
          tag="button"
          type="button"
        >
          Ok
        </v-btn-stub>
      </v-card-actions-stub>
    </v-card-stub>
  </v-dialog-stub>
   
  <v-form-stub>
    <v-text-field-stub
      id="usernameOrEmail"
      label="Username or email"
      rules="function required(value) {
          return !!value || 'This field is required.';
        }"
      value=""
    />
     
    <password-stub
      value=""
    />
     
    <v-btn-stub
      activeclass="v-btn--active"
      disabled="true"
      id="submitButton"
      tag="button"
      type="button"
    >
      Sign In
    </v-btn-stub>
     
    <v-btn-stub
      activeclass="v-btn--active"
      tag="button"
      type="button"
    >
      Cancel
    </v-btn-stub>
     
    <!---->
  </v-form-stub>
   
  <v-divider-stub
    class="mt-3 mb-2"
  />
   
  <router-link-stub
    to="[object Object]"
  >
    <h3>
      Create an account
    </h3>
  </router-link-stub>
   
  <router-link-stub
    to="[object Object]"
  >
    <h3>
      Forgot password
    </h3>
  </router-link-stub>
   
  <alerts-stub
    errormsg=""
    successmsg=""
  />
</div>
`;
